---------------------------------------
Begin Slurm Prolog: Dec-04-2025 04:06:04
Job ID:    2526314
User ID:   eliu354
Account:   gts-agarg35-ideas_l40s
Job name:  ddpm_unet_s42
Partition: gpu-l40s
QOS:       inferno
---------------------------------------
==========================================
Experiment: ddpm_unet_s42
Job ID: 2526314
Node: atl1-1-03-004-29-0
Start: Thu Dec  4 04:06:04 AM EST 2025
==========================================
Thu Dec  4 04:06:04 2025       
+-----------------------------------------------------------------------------------------+
| NVIDIA-SMI 575.57.08              Driver Version: 575.57.08      CUDA Version: 12.9     |
|-----------------------------------------+------------------------+----------------------+
| GPU  Name                 Persistence-M | Bus-Id          Disp.A | Volatile Uncorr. ECC |
| Fan  Temp   Perf          Pwr:Usage/Cap |           Memory-Usage | GPU-Util  Compute M. |
|                                         |                        |               MIG M. |
|=========================================+========================+======================|
|   0  NVIDIA L40S                    On  |   00000000:1E:00.0 Off |                    0 |
| N/A   35C    P8             34W /  350W |       0MiB /  46068MiB |      0%      Default |
|                                         |                        |                  N/A |
+-----------------------------------------+------------------------+----------------------+
                                                                                         
+-----------------------------------------------------------------------------------------+
| Processes:                                                                              |
|  GPU   GI   CI              PID   Type   Process name                        GPU Memory |
|        ID   ID                                                               Usage      |
|=========================================================================================|
|  No running processes found                                                             |
+-----------------------------------------------------------------------------------------+
CUDA_VISIBLE_DEVICES: 0

============= Initialized Observation Utils with Obs Spec =============

using obs modality: low_dim with keys: ['agent_pos']
using obs modality: rgb with keys: ['image']
using obs modality: depth with keys: []
using obs modality: scan with keys: []
[2025-12-04 04:06:16,456][diffusion_policy.model.diffusion.conditional_unet1d][INFO] - number of parameters: 2.515119e+08
Diffusion params: 2.515119e+08
Vision params: 1.119709e+07
[1;34mwandb[0m: 
[1;34mwandb[0m: 🚀 View run [33mddpm_unet_seed42[0m at: [34m[0m
[1;34mwandb[0m: Find logs at: [1;35m../data/outputs/2025.12.04/04.06.14_train_ddpm_unet_hybrid_pusht_image/wandb/run-20251204_040623-kyq8c468/logs[0m
==========================================
Completed: Thu Dec  4 11:28:24 PM EST 2025
==========================================
---------------------------------------
Begin Slurm Epilog: Dec-04-2025 23:28:24
Job ID:        2526314
User ID:       eliu354
Account:       gts-agarg35-ideas_l40s
Job name:      ddpm_unet_s42
Resources:     cpu=8,gres/gpu:l40s=1,mem=64G,node=1
Rsrc Used:     cput=6-10:58:40,vmem=0,walltime=19:22:20,mem=32685728K,energy_used=0
Partition:     gpu-l40s
QOS:           inferno
Nodes:         atl1-1-03-004-29-0
---------------------------------------
