---------------------------------------
Begin Slurm Prolog: Dec-04-2025 17:06:18
Job ID:    2533021
User ID:   eliu354
Account:   gts-agarg35-ideas_l40s
Job name:  fm_lr1e-3
Partition: gpu-l40s
QOS:       inferno
---------------------------------------
=== fm_lr1e-3 ===
Job ID: 2533021
Node: atl1-1-03-007-31-0
Start: Thu Dec  4 05:06:18 PM EST 2025

============= Initialized Observation Utils with Obs Spec =============

using obs modality: low_dim with keys: ['agent_pos']
using obs modality: rgb with keys: ['image']
using obs modality: depth with keys: []
using obs modality: scan with keys: []
[2025-12-04 17:06:33,693][diffusion_policy.model.diffusion.conditional_unet1d][INFO] - number of parameters: 2.515119e+08

=== Early Stopping at epoch 1100 ===
Best score: 0.7408

==================================================
Training Complete: 1100 epochs
==================================================

=== Latency Statistics ===
p50: 24.53 ms
p95: 24.56 ms
Mean: 24.59 ms

=== Jerk Statistics ===
Mean jerk: 7261.0216
Std jerk: 7863.4786
[1;34mwandb[0m: 
[1;34mwandb[0m: 🚀 View run [33mfm_lr1e-3_step4_seed42[0m at: [34m[0m
[1;34mwandb[0m: Find logs at: [1;35m../data/outputs/2025.12.04/17.06.31_train_fm_unet_hybrid_pusht_image/wandb/run-20251204_170639-xirk3jaa/logs[0m
End: Thu Dec  4 11:51:08 PM EST 2025
---------------------------------------
Begin Slurm Epilog: Dec-04-2025 23:51:08
Job ID:        2533021
User ID:       eliu354
Account:       gts-agarg35-ideas_l40s
Job name:      fm_lr1e-3
Resources:     cpu=8,gres/gpu:l40s=1,mem=384G,node=1
Rsrc Used:     cput=2-05:58:40,vmem=0,walltime=06:44:50,mem=25714096K,energy_used=0
Partition:     gpu-l40s
QOS:           inferno
Nodes:         atl1-1-03-007-31-0
---------------------------------------
