---------------------------------------
Begin Slurm Prolog: Dec-04-2025 03:31:18
Job ID:    2525660
User ID:   eliu354
Account:   gts-agarg35-ideas_l40s
Job name:  fm_steps16
Partition: gpu-l40s
QOS:       inferno
---------------------------------------
=== fm_steps16 ===
Job ID: 2525660
Node: atl1-1-01-010-33-0
Start: Thu Dec  4 03:31:18 AM EST 2025

============= Initialized Observation Utils with Obs Spec =============

using obs modality: low_dim with keys: ['agent_pos']
using obs modality: rgb with keys: ['image']
using obs modality: depth with keys: []
using obs modality: scan with keys: []
[2025-12-04 03:31:49,665][diffusion_policy.model.diffusion.conditional_unet1d][INFO] - number of parameters: 2.515119e+08

=== Early Stopping at epoch 1250 ===
Best score: 0.7568

==================================================
Training Complete: 1250 epochs
==================================================

=== Latency Statistics ===
p50: 150.70 ms
p95: 150.71 ms
Mean: 150.75 ms

=== Jerk Statistics ===
Mean jerk: 4526.8462
Std jerk: 4985.5289
[1;34mwandb[0m: 
[1;34mwandb[0m: 🚀 View run [33mfm_steps16_step16_seed42[0m at: [34m[0m
[1;34mwandb[0m: Find logs at: [1;35m../data/outputs/2025.12.04/03.31.47_train_fm_unet_hybrid_pusht_image/wandb/run-20251204_033200-zu21cnh8/logs[0m
End: Thu Dec  4 12:22:46 PM EST 2025
---------------------------------------
Begin Slurm Epilog: Dec-04-2025 12:22:46
Job ID:        2525660
User ID:       eliu354
Account:       gts-agarg35-ideas_l40s
Job name:      fm_steps16
Resources:     cpu=8,gres/gpu:l40s=1,mem=384G,node=1
Rsrc Used:     cput=2-22:51:52,vmem=0,walltime=08:51:29,mem=24747160K,energy_used=0
Partition:     gpu-l40s
QOS:           inferno
Nodes:         atl1-1-01-010-33-0
---------------------------------------
