---------------------------------------
Begin Slurm Prolog: Dec-04-2025 03:31:18
Job ID:    2525657
User ID:   eliu354
Account:   gts-agarg35-ideas_l40s
Job name:  fm_trans_s42
Partition: gpu-l40s
QOS:       inferno
---------------------------------------
=== fm_trans_s42 ===
Job ID: 2525657
Node: atl1-1-03-007-31-0
Start: Thu Dec  4 03:31:18 AM EST 2025

============= Initialized Observation Utils with Obs Spec =============

using obs modality: low_dim with keys: ['agent_pos']
using obs modality: rgb with keys: ['image']
using obs modality: depth with keys: []
using obs modality: scan with keys: []
[2025-12-04 03:31:44,068][diffusion_policy.model.diffusion.transformer_for_diffusion][INFO] - number of parameters: 8.976898e+06

=== Early Stopping at epoch 1700 ===
Best score: 0.0722

==================================================
Training Complete: 1700 epochs
==================================================

=== Latency Statistics ===
p50: 21.14 ms
p95: 21.27 ms
Mean: 21.20 ms

=== Jerk Statistics ===
Mean jerk: 43501.3702
Std jerk: 15870.7992
[1;34mwandb[0m: 
[1;34mwandb[0m: 🚀 View run [33mfm_transformer_transformer_step4_seed42[0m at: [34m[0m
[1;34mwandb[0m: Find logs at: [1;35m../data/outputs/2025.12.04/03.31.43_train_fm_transformer_hybrid_pusht_image/wandb/run-20251204_033155-ci8e1zhu/logs[0m
End: Thu Dec  4 10:40:44 AM EST 2025
---------------------------------------
Begin Slurm Epilog: Dec-04-2025 10:40:44
Job ID:        2525657
User ID:       eliu354
Account:       gts-agarg35-ideas_l40s
Job name:      fm_trans_s42
Resources:     cpu=8,gres/gpu:l40s=1,mem=384G,node=1
Rsrc Used:     cput=2-09:15:36,vmem=0,walltime=07:09:27,mem=11184320K,energy_used=0
Partition:     gpu-l40s
QOS:           inferno
Nodes:         atl1-1-03-007-31-0
---------------------------------------
